Release 9.2.04i - xst J.40
Copyright (c) 1995-2007 Xilinx, Inc.  All rights reserved.
--> Parameter TMPDIR set to ./xst/projnav.tmp
CPU : 0.00 / 0.17 s | Elapsed : 0.00 / 0.00 s
 
--> Parameter xsthdpdir set to ./xst
CPU : 0.00 / 0.17 s | Elapsed : 0.00 / 0.00 s
 
--> Reading design: PIC24.prj

TABLE OF CONTENTS
  1) Synthesis Options Summary
  2) HDL Compilation
  3) Design Hierarchy Analysis
  4) HDL Analysis
  5) HDL Synthesis
     5.1) HDL Synthesis Report
  6) Advanced HDL Synthesis
     6.1) Advanced HDL Synthesis Report
  7) Low Level Synthesis
  8) Partition Report
  9) Final Report
     9.1) Device utilization summary
     9.2) Partition Resource Summary
     9.3) TIMING REPORT


=========================================================================
*                      Synthesis Options Summary                        *
=========================================================================
---- Source Parameters
Input File Name                    : "PIC24.prj"
Input Format                       : mixed
Ignore Synthesis Constraint File   : NO

---- Target Parameters
Output File Name                   : "PIC24"
Output Format                      : NGC
Target Device                      : xc3s400-4-ft256

---- Source Options
Top Module Name                    : PIC24
Automatic FSM Extraction           : YES
FSM Encoding Algorithm             : Auto
Safe Implementation                : No
FSM Style                          : lut
RAM Extraction                     : Yes
RAM Style                          : Auto
ROM Extraction                     : No
Mux Style                          : Auto
Decoder Extraction                 : YES
Priority Encoder Extraction        : YES
Shift Register Extraction          : YES
Logical Shifter Extraction         : YES
XOR Collapsing                     : YES
Mux Extraction                     : YES
Resource Sharing                   : YES
Asynchronous To Synchronous        : NO
Multiplier Style                   : auto
Automatic Register Balancing       : No

---- Target Options
Add IO Buffers                     : YES
Global Maximum Fanout              : 500
Add Generic Clock Buffer(BUFG)     : 8
Register Duplication               : YES
Slice Packing                      : YES
Optimize Instantiated Primitives   : NO
Use Clock Enable                   : Yes
Use Synchronous Set                : Yes
Use Synchronous Reset              : Yes
Pack IO Registers into IOBs        : auto
Equivalent register Removal        : YES

---- General Options
Optimization Goal                  : Speed
Optimization Effort                : 1
Library Search Order               : PIC24.lso
Keep Hierarchy                     : NO
RTL Output                         : Yes
Global Optimization                : AllClockNets
Read Cores                         : YES
Write Timing Constraints           : NO
Cross Clock Analysis               : NO
Hierarchy Separator                : /
Bus Delimiter                      : <>
Case Specifier                     : maintain
Slice Utilization Ratio            : 100
BRAM Utilization Ratio             : 100
Verilog 2001                       : YES
Auto BRAM Packing                  : NO
Slice Utilization Ratio Delta      : 5

=========================================================================


=========================================================================
*                          HDL Compilation                              *
=========================================================================
Compiling vhdl file "C:/Users/gdsob/OneDrive/Desktop/facultate/an3/PROIECT CALCULATOARE NUMERICE/PIC24/ALU.vhd" in Library work.
Architecture behavioral of Entity alu is up to date.
Compiling vhdl file "C:/Users/gdsob/OneDrive/Desktop/facultate/an3/PROIECT CALCULATOARE NUMERICE/PIC24/ctrl.vhd" in Library work.
Architecture behavioral of Entity ctrl is up to date.
Compiling vhdl file "C:/Users/gdsob/OneDrive/Desktop/facultate/an3/PROIECT CALCULATOARE NUMERICE/PIC24/DataMem.vhd" in Library work.
Architecture behavioral of Entity datamem is up to date.
Compiling vhdl file "C:/Users/gdsob/OneDrive/Desktop/facultate/an3/PROIECT CALCULATOARE NUMERICE/PIC24/File_Regs.vhd" in Library work.
Architecture behavioral of Entity file_regs is up to date.
Compiling vhdl file "C:/Users/gdsob/OneDrive/Desktop/facultate/an3/PROIECT CALCULATOARE NUMERICE/PIC24/MUX2V5.vhd" in Library work.
Architecture behavioral of Entity mux2v4 is up to date.
Compiling vhdl file "C:/Users/gdsob/OneDrive/Desktop/facultate/an3/PROIECT CALCULATOARE NUMERICE/PIC24/MUX2V16.vhd" in Library work.
Architecture behavioral of Entity mux2v16 is up to date.
Compiling vhdl file "C:/Users/gdsob/OneDrive/Desktop/facultate/an3/PROIECT CALCULATOARE NUMERICE/PIC24/PC_Update.vhd" in Library work.
Architecture behavioral of Entity pc_update is up to date.
Compiling vhdl file "C:/Users/gdsob/OneDrive/Desktop/facultate/an3/PROIECT CALCULATOARE NUMERICE/PIC24/ProgCnt.vhd" in Library work.
Architecture behavioral of Entity progcnt is up to date.
Compiling vhdl file "C:/Users/gdsob/OneDrive/Desktop/facultate/an3/PROIECT CALCULATOARE NUMERICE/PIC24/testZEflagZ.vhd" in Library work.
Entity <rom32x24> compiled.
Entity <rom32x24> (Architecture <behavioral>) compiled.
Compiling vhdl file "C:/Users/gdsob/OneDrive/Desktop/facultate/an3/PROIECT CALCULATOARE NUMERICE/PIC24/PIC24.vhf" in Library work.
Architecture behavioral of Entity pic24 is up to date.

=========================================================================
*                     Design Hierarchy Analysis                         *
=========================================================================
Analyzing hierarchy for entity <PIC24> in library <work> (architecture <behavioral>).

Analyzing hierarchy for entity <ALU> in library <work> (architecture <behavioral>).

Analyzing hierarchy for entity <ctrl> in library <work> (architecture <behavioral>).

Analyzing hierarchy for entity <DataMem> in library <work> (architecture <behavioral>).

Analyzing hierarchy for entity <File_Regs> in library <work> (architecture <behavioral>).

Analyzing hierarchy for entity <MUX2V4> in library <work> (architecture <behavioral>).

Analyzing hierarchy for entity <MUX2V16> in library <work> (architecture <behavioral>).

Analyzing hierarchy for entity <PC_Update> in library <work> (architecture <behavioral>).

Analyzing hierarchy for entity <ProgCnt> in library <work> (architecture <behavioral>).

Analyzing hierarchy for entity <ROM32x24> in library <work> (architecture <behavioral>).


=========================================================================
*                            HDL Analysis                               *
=========================================================================
Analyzing Entity <PIC24> in library <work> (Architecture <behavioral>).
Entity <PIC24> analyzed. Unit <PIC24> generated.

Analyzing Entity <ALU> in library <work> (Architecture <behavioral>).
Entity <ALU> analyzed. Unit <ALU> generated.

Analyzing Entity <ctrl> in library <work> (Architecture <behavioral>).
Entity <ctrl> analyzed. Unit <ctrl> generated.

Analyzing Entity <DataMem> in library <work> (Architecture <behavioral>).
Entity <DataMem> analyzed. Unit <DataMem> generated.

Analyzing Entity <File_Regs> in library <work> (Architecture <behavioral>).
Entity <File_Regs> analyzed. Unit <File_Regs> generated.

Analyzing Entity <MUX2V4> in library <work> (Architecture <behavioral>).
Entity <MUX2V4> analyzed. Unit <MUX2V4> generated.

Analyzing Entity <MUX2V16> in library <work> (Architecture <behavioral>).
Entity <MUX2V16> analyzed. Unit <MUX2V16> generated.

Analyzing Entity <PC_Update> in library <work> (Architecture <behavioral>).
Entity <PC_Update> analyzed. Unit <PC_Update> generated.

Analyzing Entity <ProgCnt> in library <work> (Architecture <behavioral>).
Entity <ProgCnt> analyzed. Unit <ProgCnt> generated.

Analyzing Entity <ROM32x24> in library <work> (Architecture <behavioral>).
Entity <ROM32x24> analyzed. Unit <ROM32x24> generated.


=========================================================================
*                           HDL Synthesis                               *
=========================================================================

Performing bidirectional port resolution...

Synthesizing Unit <ALU>.
    Related source file is "C:/Users/gdsob/OneDrive/Desktop/facultate/an3/PROIECT CALCULATOARE NUMERICE/PIC24/ALU.vhd".
WARNING:Xst:2734 - Property "use_dsp48" is not applicable for this technology.
    Found 1-bit register for signal <N>.
    Found 1-bit register for signal <OV>.
    Found 16-bit 16-to-1 multiplexer for signal <sBSW>.
    Found 1-bit register for signal <sC>.
    Found 17-bit 8-to-1 multiplexer for signal <sY>.
    Found 17-bit addsub for signal <sY$addsub0000>.
    Found 1-bit register for signal <sZ>.
    Summary:
	inferred   4 D-type flip-flop(s).
	inferred   1 Adder/Subtractor(s).
	inferred  33 Multiplexer(s).
Unit <ALU> synthesized.


Synthesizing Unit <ctrl>.
    Related source file is "C:/Users/gdsob/OneDrive/Desktop/facultate/an3/PROIECT CALCULATOARE NUMERICE/PIC24/ctrl.vhd".
Unit <ctrl> synthesized.


Synthesizing Unit <DataMem>.
    Related source file is "C:/Users/gdsob/OneDrive/Desktop/facultate/an3/PROIECT CALCULATOARE NUMERICE/PIC24/DataMem.vhd".
    Found 16x16-bit single-port RAM <Mram_RAM> for signal <RAM>.
    Found 16-bit register for signal <OUTW0>.
    Summary:
	inferred   1 RAM(s).
	inferred  16 D-type flip-flop(s).
Unit <DataMem> synthesized.


Synthesizing Unit <File_Regs>.
    Related source file is "C:/Users/gdsob/OneDrive/Desktop/facultate/an3/PROIECT CALCULATOARE NUMERICE/PIC24/File_Regs.vhd".
    Found 16x16-bit dual-port RAM <Mram_s32Regs32> for signal <s32Regs32>.
    Found 16x16-bit dual-port RAM <Mram_s32Regs32_ren> for signal <s32Regs32>.
    Summary:
	inferred   2 RAM(s).
Unit <File_Regs> synthesized.


Synthesizing Unit <MUX2V4>.
    Related source file is "C:/Users/gdsob/OneDrive/Desktop/facultate/an3/PROIECT CALCULATOARE NUMERICE/PIC24/MUX2V5.vhd".
Unit <MUX2V4> synthesized.


Synthesizing Unit <MUX2V16>.
    Related source file is "C:/Users/gdsob/OneDrive/Desktop/facultate/an3/PROIECT CALCULATOARE NUMERICE/PIC24/MUX2V16.vhd".
Unit <MUX2V16> synthesized.


Synthesizing Unit <PC_Update>.
    Related source file is "C:/Users/gdsob/OneDrive/Desktop/facultate/an3/PROIECT CALCULATOARE NUMERICE/PIC24/PC_Update.vhd".
WARNING:Xst:2734 - Property "use_dsp48" is not applicable for this technology.
WARNING:Xst:2734 - Property "use_dsp48" is not applicable for this technology.
    Found 6-bit adder for signal <New_PC>.
    Found 6-bit adder for signal <New_PC$share0001>.
    Summary:
	inferred   2 Adder/Subtractor(s).
Unit <PC_Update> synthesized.


Synthesizing Unit <ProgCnt>.
    Related source file is "C:/Users/gdsob/OneDrive/Desktop/facultate/an3/PROIECT CALCULATOARE NUMERICE/PIC24/ProgCnt.vhd".
    Found 6-bit register for signal <PC>.
    Summary:
	inferred   6 D-type flip-flop(s).
Unit <ProgCnt> synthesized.


Synthesizing Unit <ROM32x24>.
    Related source file is "C:/Users/gdsob/OneDrive/Desktop/facultate/an3/PROIECT CALCULATOARE NUMERICE/PIC24/testZEflagZ.vhd".
    Found 24-bit 32-to-1 multiplexer for signal <Data>.
    Summary:
	inferred  24 Multiplexer(s).
Unit <ROM32x24> synthesized.


Synthesizing Unit <PIC24>.
    Related source file is "C:/Users/gdsob/OneDrive/Desktop/facultate/an3/PROIECT CALCULATOARE NUMERICE/PIC24/PIC24.vhf".
Unit <PIC24> synthesized.

INFO:Xst:1767 - HDL ADVISOR - Resource sharing has identified that some arithmetic operations in this design can share the same physical resources for reduced device utilization. For improved clock frequency you may try to disable resource sharing.

=========================================================================
HDL Synthesis Report

Macro Statistics
# RAMs                                                 : 3
 16x16-bit dual-port RAM                               : 2
 16x16-bit single-port RAM                             : 1
# Adders/Subtractors                                   : 3
 17-bit addsub                                         : 1
 6-bit adder                                           : 2
# Registers                                            : 6
 1-bit register                                        : 4
 16-bit register                                       : 1
 6-bit register                                        : 1
# Multiplexers                                         : 3
 16-bit 16-to-1 multiplexer                            : 1
 17-bit 8-to-1 multiplexer                             : 1
 24-bit 32-to-1 multiplexer                            : 1

=========================================================================

=========================================================================
*                       Advanced HDL Synthesis                          *
=========================================================================

Loading device for application Rf_Device from file '3s400.nph' in environment C:\Xilinx92i.
INFO:Xst:2664 - HDL ADVISOR - Unit <DataMem> : The RAM <Mram_RAM> will be implemented on LUTs either because you have described an asynchronous read or because of currently unsupported block RAM features. If you have described an asynchronous read, making it synchronous would allow you to take advantage of available block RAM resources, for optimized device usage and improved timings. Please refer to your documentation for coding guidelines.
    -----------------------------------------------------------------------
    | ram_type           | Distributed                         |          |
    -----------------------------------------------------------------------
    | Port A                                                              |
    |     aspect ratio   | 16-word x 16-bit                    |          |
    |     clkA           | connected to signal <Clk>           | rise     |
    |     weA            | connected to signal <_and0000>      | high     |
    |     addrA          | connected to signal <Addr>          |          |
    |     diA            | connected to signal <DataIn>        |          |
    |     doA            | connected to signal <MemData>       |          |
    -----------------------------------------------------------------------
INFO:Xst:2664 - HDL ADVISOR - Unit <File_Regs> : The RAM <Mram_s32Regs32> will be implemented on LUTs either because you have described an asynchronous read or because of currently unsupported block RAM features. If you have described an asynchronous read, making it synchronous would allow you to take advantage of available block RAM resources, for optimized device usage and improved timings. Please refer to your documentation for coding guidelines.
    -----------------------------------------------------------------------
    | ram_type           | Distributed                         |          |
    -----------------------------------------------------------------------
    | Port A                                                              |
    |     aspect ratio   | 16-word x 16-bit                    |          |
    |     clkA           | connected to signal <Clk>           | rise     |
    |     weA            | connected to signal <WrEn>          | high     |
    |     addrA          | connected to signal <WrReg>         |          |
    |     diA            | connected to signal <WRData>        |          |
    -----------------------------------------------------------------------
    | Port B                                                              |
    |     aspect ratio   | 16-word x 16-bit                    |          |
    |     addrB          | connected to signal <RdReg1>        |          |
    |     doB            | connected to signal <RdData1>       |          |
    -----------------------------------------------------------------------
INFO:Xst:2664 - HDL ADVISOR - Unit <File_Regs> : The RAM <Mram_s32Regs32_ren> will be implemented on LUTs either because you have described an asynchronous read or because of currently unsupported block RAM features. If you have described an asynchronous read, making it synchronous would allow you to take advantage of available block RAM resources, for optimized device usage and improved timings. Please refer to your documentation for coding guidelines.
    -----------------------------------------------------------------------
    | ram_type           | Distributed                         |          |
    -----------------------------------------------------------------------
    | Port A                                                              |
    |     aspect ratio   | 16-word x 16-bit                    |          |
    |     clkA           | connected to signal <Clk>           | rise     |
    |     weA            | connected to signal <WrEn>          | high     |
    |     addrA          | connected to signal <WrReg>         |          |
    |     diA            | connected to signal <WRData>        |          |
    -----------------------------------------------------------------------
    | Port B                                                              |
    |     aspect ratio   | 16-word x 16-bit                    |          |
    |     addrB          | connected to signal <RdReg2>        |          |
    |     doB            | connected to signal <RdData2>       |          |
    -----------------------------------------------------------------------

=========================================================================
Advanced HDL Synthesis Report

Macro Statistics
# RAMs                                                 : 3
 16x16-bit dual-port distributed RAM                   : 2
 16x16-bit single-port distributed RAM                 : 1
# Adders/Subtractors                                   : 3
 17-bit addsub                                         : 1
 6-bit adder                                           : 2
# Registers                                            : 26
 Flip-Flops                                            : 26
# Multiplexers                                         : 3
 16-bit 16-to-1 multiplexer                            : 1
 17-bit 8-to-1 multiplexer                             : 1
 24-bit 32-to-1 multiplexer                            : 1

=========================================================================

=========================================================================
*                         Low Level Synthesis                           *
=========================================================================

Optimizing unit <PIC24> ...

Optimizing unit <ALU> ...

Optimizing unit <DataMem> ...

Optimizing unit <PC_Update> ...

Mapping all equations...
Building and optimizing final netlist ...
Found area constraint ratio of 100 (+ 5) on block PIC24, actual ratio is 6.
FlipFlop U_ProgCnt/PC_1 has been replicated 2 time(s)
FlipFlop U_ProgCnt/PC_2 has been replicated 2 time(s)
FlipFlop U_ProgCnt/PC_3 has been replicated 2 time(s)
FlipFlop U_ProgCnt/PC_4 has been replicated 2 time(s)
FlipFlop U_ProgCnt/PC_5 has been replicated 1 time(s)

Final Macro Processing ...

=========================================================================
Final Register Report

Macro Statistics
# Registers                                            : 35
 Flip-Flops                                            : 35

=========================================================================

=========================================================================
*                          Partition Report                             *
=========================================================================

Partition Implementation Status
-------------------------------

  No Partitions were found in this design.

-------------------------------

=========================================================================
*                            Final Report                               *
=========================================================================
Final Results
RTL Top Level Output File Name     : PIC24.ngr
Top Level Output File Name         : PIC24
Output Format                      : NGC
Optimization Goal                  : Speed
Keep Hierarchy                     : NO

Design Statistics
# IOs                              : 49

Cell Usage :
# BELS                             : 378
#      GND                         : 1
#      INV                         : 9
#      LUT1                        : 8
#      LUT2                        : 18
#      LUT2_D                      : 6
#      LUT2_L                      : 3
#      LUT3                        : 62
#      LUT3_D                      : 7
#      LUT3_L                      : 1
#      LUT4                        : 133
#      LUT4_D                      : 6
#      LUT4_L                      : 20
#      MULT_AND                    : 3
#      MUXCY                       : 21
#      MUXF5                       : 42
#      MUXF6                       : 16
#      VCC                         : 1
#      XORCY                       : 21
# FlipFlops/Latches                : 35
#      FD                          : 15
#      FDE                         : 20
# RAMS                             : 48
#      RAM16X1D                    : 32
#      RAM16X1S                    : 16
# Clock Buffers                    : 1
#      BUFGP                       : 1
# IO Buffers                       : 48
#      IBUF                        : 32
#      OBUF                        : 16
=========================================================================

Device utilization summary:
---------------------------

Selected Device : 3s400ft256-4 

 Number of Slices:                     182  out of   3584     5%  
 Number of Slice Flip Flops:            35  out of   7168     0%  
 Number of 4 input LUTs:               353  out of   7168     4%  
    Number used as logic:              273
    Number used as RAMs:                80
 Number of IOs:                         49
 Number of bonded IOBs:                 49  out of    173    28%  
 Number of GCLKs:                        1  out of      8    12%  

---------------------------
Partition Resource Summary:
---------------------------

  No Partitions were found in this design.

---------------------------


=========================================================================
TIMING REPORT

NOTE: THESE TIMING NUMBERS ARE ONLY A SYNTHESIS ESTIMATE.
      FOR ACCURATE TIMING INFORMATION PLEASE REFER TO THE TRACE REPORT
      GENERATED AFTER PLACE-and-ROUTE.

Clock Information:
------------------
-----------------------------------+------------------------+-------+
Clock Signal                       | Clock buffer(FF name)  | Load  |
-----------------------------------+------------------------+-------+
Clk                                | BUFGP                  | 83    |
-----------------------------------+------------------------+-------+

Asynchronous Control Signals Information:
----------------------------------------
No asynchronous control signals found in this design

Timing Summary:
---------------
Speed Grade: -4

   Minimum period: 17.354ns (Maximum Frequency: 57.624MHz)
   Minimum input arrival time before clock: 5.198ns
   Maximum output required time after clock: 7.165ns
   Maximum combinational path delay: No path found

Timing Detail:
--------------
All values displayed in nanoseconds (ns)

=========================================================================
Timing constraint: Default period analysis for Clock 'Clk'
  Clock period: 17.354ns (frequency: 57.624MHz)
  Total number of paths / destination ports: 179429 / 455
-------------------------------------------------------------------------
Delay:               17.354ns (Levels of Logic = 25)
  Source:            U_ProgCnt/PC_4_1 (FF)
  Destination:       U_ALU/sZ (FF)
  Source Clock:      Clk rising
  Destination Clock: Clk rising

  Data Path: U_ProgCnt/PC_4_1 to U_ALU/sZ
                                Gate     Net
    Cell:in->out      fanout   Delay   Delay  Logical Name (Net Name)
    ----------------------------------------  ------------
     FD:C->Q               1   0.720   1.140  U_ProgCnt/PC_4_1 (U_ProgCnt/PC_4_1)
     LUT2:I0->O            1   0.551   0.827  U_MUX2V4/Y<2>2_SW0 (N919)
     LUT4_D:I3->LO         1   0.551   0.168  U_MUX2V4/Y<2>2 (N1205)
     LUT3:I2->O           17   0.551   1.345  U_ROM32x24/Mmux_Data171 (Instr<2>)
     RAM16X1D:DPRA2->DPO    7   0.551   1.134  inst_Mram_mem16 (RdData2<0>)
     LUT3:I2->O            1   0.551   0.869  U_ALU/sY_mux0000<0>1 (U_ALU/sY_mux0000<0>)
     LUT4:I2->O            1   0.551   0.000  U_ALU/Maddsub_sY_addsub0000_lut<0> (U_ALU/N51)
     MUXCY:S->O            1   0.500   0.000  U_ALU/Maddsub_sY_addsub0000_cy<0> (U_ALU/Maddsub_sY_addsub0000_cy<0>)
     MUXCY:CI->O           1   0.064   0.000  U_ALU/Maddsub_sY_addsub0000_cy<1> (U_ALU/Maddsub_sY_addsub0000_cy<1>)
     MUXCY:CI->O           1   0.064   0.000  U_ALU/Maddsub_sY_addsub0000_cy<2> (U_ALU/Maddsub_sY_addsub0000_cy<2>)
     MUXCY:CI->O           1   0.064   0.000  U_ALU/Maddsub_sY_addsub0000_cy<3> (U_ALU/Maddsub_sY_addsub0000_cy<3>)
     MUXCY:CI->O           1   0.064   0.000  U_ALU/Maddsub_sY_addsub0000_cy<4> (U_ALU/Maddsub_sY_addsub0000_cy<4>)
     MUXCY:CI->O           1   0.064   0.000  U_ALU/Maddsub_sY_addsub0000_cy<5> (U_ALU/Maddsub_sY_addsub0000_cy<5>)
     MUXCY:CI->O           1   0.064   0.000  U_ALU/Maddsub_sY_addsub0000_cy<6> (U_ALU/Maddsub_sY_addsub0000_cy<6>)
     MUXCY:CI->O           1   0.064   0.000  U_ALU/Maddsub_sY_addsub0000_cy<7> (U_ALU/Maddsub_sY_addsub0000_cy<7>)
     MUXCY:CI->O           1   0.064   0.000  U_ALU/Maddsub_sY_addsub0000_cy<8> (U_ALU/Maddsub_sY_addsub0000_cy<8>)
     MUXCY:CI->O           1   0.064   0.000  U_ALU/Maddsub_sY_addsub0000_cy<9> (U_ALU/Maddsub_sY_addsub0000_cy<9>)
     MUXCY:CI->O           1   0.064   0.000  U_ALU/Maddsub_sY_addsub0000_cy<10> (U_ALU/Maddsub_sY_addsub0000_cy<10>)
     MUXCY:CI->O           1   0.064   0.000  U_ALU/Maddsub_sY_addsub0000_cy<11> (U_ALU/Maddsub_sY_addsub0000_cy<11>)
     MUXCY:CI->O           1   0.064   0.000  U_ALU/Maddsub_sY_addsub0000_cy<12> (U_ALU/Maddsub_sY_addsub0000_cy<12>)
     XORCY:CI->O           2   0.904   1.072  U_ALU/Maddsub_sY_addsub0000_xor<13> (U_ALU/sY_addsub0000<13>)
     LUT2:I1->O            1   0.551   0.000  U_ALU/Mmux_sY_48 (U_ALU/N13)
     MUXF5:I1->O           1   0.360   0.000  U_ALU/Mmux_sY_3_f5_3 (U_ALU/Mmux_sY_3_f54)
     MUXF6:I1->O           2   0.342   1.216  U_ALU/Mmux_sY_2_f6_3 (U_ALU/sY<13>1)
     LUT4:I0->O            1   0.551   0.827  U_ALU/sZ1_cmp_eq000022 (U_ALU/sZ1_cmp_eq0000_map9)
     LUT4:I3->O            1   0.551   0.000  U_ALU/sZ1_cmp_eq000063 (U_ALU/sZ1)
     FDE:D                     0.203          U_ALU/sZ
    ----------------------------------------
    Total                     17.354ns (8.756ns logic, 8.598ns route)
                                       (50.5% logic, 49.5% route)

=========================================================================
Timing constraint: Default OFFSET IN BEFORE for Clock 'Clk'
  Total number of paths / destination ports: 64 / 32
-------------------------------------------------------------------------
Offset:              5.198ns (Levels of Logic = 4)
  Source:            INW1<8> (PAD)
  Destination:       inst_Mram_mem8 (RAM)
  Destination Clock: Clk rising

  Data Path: INW1<8> to inst_Mram_mem8
                                Gate     Net
    Cell:in->out      fanout   Delay   Delay  Logical Name (Net Name)
    ----------------------------------------  ------------
     IBUF:I->O             1   0.821   1.140  INW1_8_IBUF (INW1_8_IBUF)
     LUT4:I0->O            1   0.551   0.827  U_MUX2V16/Y<8>17 (U_MUX2V16/Y<8>_map6)
     LUT4_L:I3->LO         1   0.551   0.295  U_MUX2V16/Y<8>60_SW0 (N1113)
     LUT4:I1->O            2   0.551   0.000  U_MUX2V16/Y<8>60 (WRData<8>)
     RAM16X1D:D                0.462          inst_Mram_mem8
    ----------------------------------------
    Total                      5.198ns (2.936ns logic, 2.262ns route)
                                       (56.5% logic, 43.5% route)

=========================================================================
Timing constraint: Default OFFSET OUT AFTER for Clock 'Clk'
  Total number of paths / destination ports: 16 / 16
-------------------------------------------------------------------------
Offset:              7.165ns (Levels of Logic = 1)
  Source:            U_DataMem/OUTW0_15 (FF)
  Destination:       OUTW0<15> (PAD)
  Source Clock:      Clk rising

  Data Path: U_DataMem/OUTW0_15 to OUTW0<15>
                                Gate     Net
    Cell:in->out      fanout   Delay   Delay  Logical Name (Net Name)
    ----------------------------------------  ------------
     FDE:C->Q              1   0.720   0.801  U_DataMem/OUTW0_15 (U_DataMem/OUTW0_15)
     OBUF:I->O                 5.644          OUTW0_15_OBUF (OUTW0<15>)
    ----------------------------------------
    Total                      7.165ns (6.364ns logic, 0.801ns route)
                                       (88.8% logic, 11.2% route)

=========================================================================
CPU : 6.65 / 6.84 s | Elapsed : 7.00 / 7.00 s
 
--> 

Total memory usage is 215268 kilobytes

Number of errors   :    0 (   0 filtered)
Number of warnings :    3 (   0 filtered)
Number of infos    :    4 (   0 filtered)

