EN pic24 NULL "C:/Users/gdsob/OneDrive/Desktop/facultate/an3/PROIECT CALCULATOARE NUMERICE/PIC24/PIC24.vhf" sub00/vhpl20 1705093593
AR file_regs behavioral "C:/Users/gdsob/OneDrive/Desktop/facultate/an3/PROIECT CALCULATOARE NUMERICE/PIC24/File_Regs.vhd" sub00/vhpl09 1705093582
AR alu behavioral "C:/Users/gdsob/OneDrive/Desktop/facultate/an3/PROIECT CALCULATOARE NUMERICE/PIC24/ALU.vhd" sub00/vhpl11 1705093576
EN datamem NULL "C:/Users/gdsob/OneDrive/Desktop/facultate/an3/PROIECT CALCULATOARE NUMERICE/PIC24/DataMem.vhd" sub00/vhpl12 1705093579
AR mux2v16 behavioral "C:/Users/gdsob/OneDrive/Desktop/facultate/an3/PROIECT CALCULATOARE NUMERICE/PIC24/MUX2V16.vhd" sub00/vhpl18 1705093586
EN file_regs NULL "C:/Users/gdsob/OneDrive/Desktop/facultate/an3/PROIECT CALCULATOARE NUMERICE/PIC24/File_Regs.vhd" sub00/vhpl08 1705093581
EN mux2v4 NULL "C:/Users/gdsob/OneDrive/Desktop/facultate/an3/PROIECT CALCULATOARE NUMERICE/PIC24/MUX2V5.vhd" sub00/vhpl14 1705093583
EN mux2v5 NULL "C:/Users/gdsob/OneDrive/Desktop/facultate/an3/PROIECT CALCULATOARE NUMERICE/PIC24/MUX2V5.vhd" sub00/vhpl06 1700126008
EN rom32x24 NULL "C:/Users/gdsob/OneDrive/Desktop/facultate/an3/PROIECT CALCULATOARE NUMERICE/PIC24/testZEflagZ.vhd" sub00/vhpl04 1705093591
AR pic24 behavioral "C:/Users/gdsob/OneDrive/Desktop/facultate/an3/PROIECT CALCULATOARE NUMERICE/PIC24/PIC24.vhf" sub00/vhpl21 1705093594
AR mux2v4 behavioral "C:/Users/gdsob/OneDrive/Desktop/facultate/an3/PROIECT CALCULATOARE NUMERICE/PIC24/MUX2V5.vhd" sub00/vhpl15 1705093584
EN pc_update NULL "C:/Users/gdsob/OneDrive/Desktop/facultate/an3/PROIECT CALCULATOARE NUMERICE/PIC24/PC_Update.vhd" sub00/vhpl02 1705093587
AR ctrl behavioral "C:/Users/gdsob/OneDrive/Desktop/facultate/an3/PROIECT CALCULATOARE NUMERICE/PIC24/ctrl.vhd" sub00/vhpl19 1705093578
EN progcnt NULL "C:/Users/gdsob/OneDrive/Desktop/facultate/an3/PROIECT CALCULATOARE NUMERICE/PIC24/ProgCnt.vhd" sub00/vhpl00 1705093589
EN ctrl NULL "C:/Users/gdsob/OneDrive/Desktop/facultate/an3/PROIECT CALCULATOARE NUMERICE/PIC24/ctrl.vhd" sub00/vhpl16 1705093577
AR rom32x24 behavioral "C:/Users/gdsob/OneDrive/Desktop/facultate/an3/PROIECT CALCULATOARE NUMERICE/PIC24/testZEflagZ.vhd" sub00/vhpl05 1705093592
AR progcnt behavioral "C:/Users/gdsob/OneDrive/Desktop/facultate/an3/PROIECT CALCULATOARE NUMERICE/PIC24/ProgCnt.vhd" sub00/vhpl01 1705093590
EN mux2v16 NULL "C:/Users/gdsob/OneDrive/Desktop/facultate/an3/PROIECT CALCULATOARE NUMERICE/PIC24/MUX2V16.vhd" sub00/vhpl17 1705093585
AR datamem behavioral "C:/Users/gdsob/OneDrive/Desktop/facultate/an3/PROIECT CALCULATOARE NUMERICE/PIC24/DataMem.vhd" sub00/vhpl13 1705093580
AR mux2v5 behavioral "C:/Users/gdsob/OneDrive/Desktop/facultate/an3/PROIECT CALCULATOARE NUMERICE/PIC24/MUX2V5.vhd" sub00/vhpl07 1700126009
AR pc_update behavioral "C:/Users/gdsob/OneDrive/Desktop/facultate/an3/PROIECT CALCULATOARE NUMERICE/PIC24/PC_Update.vhd" sub00/vhpl03 1705093588
EN alu NULL "C:/Users/gdsob/OneDrive/Desktop/facultate/an3/PROIECT CALCULATOARE NUMERICE/PIC24/ALU.vhd" sub00/vhpl10 1705093575
